exports[`Flash renders a initial view 1`] = `"<div>Test test</div>"`;
