exports[`Spin renders a initial view 1`] = `"<div><div>Test test</div></div>"`;
