exports[`Slide renders a initial view 1`] = `"<div class=\"react-reveal\">Test test</div>"`;
