exports[`Pulse renders a initial view 1`] = `"<div class=\"react-reveal\"><div>Test test</div></div>"`;
