exports[`RubberBand renders a initial view 1`] = `"<div class=\"\"><div>Test test</div></div>"`;
