exports[`index renders a initial view 1`] = `"<div src=\"/example.com\" class=\"react-reveal someClass\" style=\"border:1px solid red;\"><div class=\"react-reveal\"> Zoom Test test</div><div class=\"react-reveal\"> Fade Test test</div><div class=\"react-reveal\" style=\"backface-visibility:visible;\">Flip Test test</div><div class=\"react-reveal\"> Rotate Test test</div></div>"`;
