exports[`Reveal renders a initial view 1`] = `"<div class=\"react-reveal react-reveal1\"><div>Test test</div></div>"`;
